---
source: tui/src/update_prompt.rs
expression: terminal.backend().vt100().screen().contents()
---

  ✨ Update available! 0.130.1 -> 9.9.9

  Package: https://www.npmjs.com/package/@wellau/widex

› 1. Update now (runs `npm install -g @wellau/widex@latest`)
  2. Skip
  3. Skip until next version

  Press enter to continue
